CHANGELOG.md
CODE_OF_CONDUCT.md
CONTRIBUTING.md
LICENSE
MAINTAINING.md
README.md
SECURITY.md
guides/authoring-mailables.md
guides/components.md
guides/getting-started.md
guides/migration-from-swoosh.md
guides/multi-tenancy.md
guides/preview.md
guides/telemetry.md
guides/testing.md
guides/webhooks.md
hex_metadata.config
lib/mailglass.ex
lib/mailglass/adapter.ex
lib/mailglass/adapters/fake.ex
lib/mailglass/adapters/fake/storage.ex
lib/mailglass/adapters/fake/supervisor.ex
lib/mailglass/adapters/swoosh.ex
lib/mailglass/application.ex
lib/mailglass/clock.ex
lib/mailglass/clock/frozen.ex
lib/mailglass/clock/system.ex
lib/mailglass/compliance.ex
lib/mailglass/components.ex
lib/mailglass/components/css.ex
lib/mailglass/components/layout.ex
lib/mailglass/components/theme.ex
lib/mailglass/config.ex
lib/mailglass/error.ex
lib/mailglass/errors/batch_failed.ex
lib/mailglass/errors/config_error.ex
lib/mailglass/errors/event_ledger_immutable_error.ex
lib/mailglass/errors/rate_limit_error.ex
lib/mailglass/errors/send_error.ex
lib/mailglass/errors/signature_error.ex
lib/mailglass/errors/suppressed_error.ex
lib/mailglass/errors/template_error.ex
lib/mailglass/errors/tenancy_error.ex
lib/mailglass/events.ex
lib/mailglass/events/event.ex
lib/mailglass/events/reconciler.ex
lib/mailglass/gettext.ex
lib/mailglass/idempotency_key.ex
lib/mailglass/installer/apply.ex
lib/mailglass/installer/conflict.ex
lib/mailglass/installer/manifest.ex
lib/mailglass/installer/operation.ex
lib/mailglass/installer/plan.ex
lib/mailglass/installer/templates.ex
lib/mailglass/mailable.ex
lib/mailglass/message.ex
lib/mailglass/migration.ex
lib/mailglass/migrations/postgres.ex
lib/mailglass/migrations/postgres/v01.ex
lib/mailglass/migrations/postgres/v02.ex
lib/mailglass/optional_deps.ex
lib/mailglass/optional_deps/gen_smtp.ex
lib/mailglass/optional_deps/mjml.ex
lib/mailglass/optional_deps/oban.ex
lib/mailglass/optional_deps/opentelemetry.ex
lib/mailglass/optional_deps/sigra.ex
lib/mailglass/outbound.ex
lib/mailglass/outbound/delivery.ex
lib/mailglass/outbound/projector.ex
lib/mailglass/outbound/worker.ex
lib/mailglass/pub_sub.ex
lib/mailglass/pub_sub/topics.ex
lib/mailglass/rate_limiter.ex
lib/mailglass/rate_limiter/supervisor.ex
lib/mailglass/rate_limiter/table_owner.ex
lib/mailglass/renderer.ex
lib/mailglass/repo.ex
lib/mailglass/schema.ex
lib/mailglass/stream.ex
lib/mailglass/suppression.ex
lib/mailglass/suppression/entry.ex
lib/mailglass/suppression_store.ex
lib/mailglass/suppression_store/ecto.ex
lib/mailglass/suppression_store/ets.ex
lib/mailglass/suppression_store/ets/supervisor.ex
lib/mailglass/suppression_store/ets/table_owner.ex
lib/mailglass/telemetry.ex
lib/mailglass/template_engine.ex
lib/mailglass/template_engine/heex.ex
lib/mailglass/tenancy.ex
lib/mailglass/tenancy/resolve_from_path.ex
lib/mailglass/tenancy/single_tenant.ex
lib/mailglass/test_assertions.ex
lib/mailglass/tracking.ex
lib/mailglass/tracking/config_validator.ex
lib/mailglass/tracking/guard.ex
lib/mailglass/tracking/plug.ex
lib/mailglass/tracking/rewriter.ex
lib/mailglass/tracking/token.ex
lib/mailglass/webhook.ex
lib/mailglass/webhook/caching_body_reader.ex
lib/mailglass/webhook/ingest.ex
lib/mailglass/webhook/plug.ex
lib/mailglass/webhook/provider.ex
lib/mailglass/webhook/providers/postmark.ex
lib/mailglass/webhook/providers/sendgrid.ex
lib/mailglass/webhook/pruner.ex
lib/mailglass/webhook/reconciler.ex
lib/mailglass/webhook/router.ex
lib/mailglass/webhook/telemetry.ex
lib/mailglass/webhook/webhook_event.ex
lib/mix/tasks/mailglass.gen.migration.ex
lib/mix/tasks/mailglass.install.ex
lib/mix/tasks/mailglass.publish.check.ex
lib/mix/tasks/mailglass.reconcile.ex
lib/mix/tasks/mailglass.webhooks.prune.ex
mix.exs
priv/gettext/emails.pot
priv/gettext/en/LC_MESSAGES/emails.po
