.formatter.exs
CHANGELOG.md
LICENSE
README.md
hex_metadata.config
lib/mailglass_admin.ex
lib/mailglass_admin/components.ex
lib/mailglass_admin/controllers/assets.ex
lib/mailglass_admin/layouts.ex
lib/mailglass_admin/layouts/app.html.heex
lib/mailglass_admin/layouts/root.html.heex
lib/mailglass_admin/optional_deps/phoenix_live_reload.ex
lib/mailglass_admin/preview/assigns_form.ex
lib/mailglass_admin/preview/device_frame.ex
lib/mailglass_admin/preview/discovery.ex
lib/mailglass_admin/preview/mount.ex
lib/mailglass_admin/preview/sidebar.ex
lib/mailglass_admin/preview/tabs.ex
lib/mailglass_admin/preview_live.ex
lib/mailglass_admin/pub_sub/topics.ex
lib/mailglass_admin/router.ex
lib/mix/tasks/mailglass_admin.assets.build.ex
lib/mix/tasks/mailglass_admin.assets.watch.ex
lib/mix/tasks/mailglass_admin.daisyui.update.ex
mix.exs
priv/static/app.css
priv/static/fonts/ibm-plex-mono-400.woff2
priv/static/fonts/ibm-plex-mono-700.woff2
priv/static/fonts/inter-400.woff2
priv/static/fonts/inter-700.woff2
priv/static/fonts/inter-tight-400.woff2
priv/static/fonts/inter-tight-700.woff2
priv/static/mailglass-logo.svg
